// Jest Snapshot v1, https://goo.gl/fbAQLP

exports[`Testing Channel Overview Page renders as expected 1`] = `
ShallowWrapper {
  Symbol(enzyme.__root__): [Circular],
  Symbol(enzyme.__unrendered__): <ChannelOverview
    channel={
      Object {
        "creator": 1,
        "id": 42,
        "image_url": "http://shortlink.in/themes/v3/styles/img/url-link.png",
        "subtitle": "bxzhu",
        "title": "bxzhu_channel",
      }
    }
    goToChannel={[Function]}
    subscribe={[Function]}
    task={Array []}
    user_channel={Array []}
  />,
  Symbol(enzyme.__renderer__): Object {
    "batchedUpdates": [Function],
    "getNode": [Function],
    "render": [Function],
    "simulateError": [Function],
    "simulateEvent": [Function],
    "unmount": [Function],
  },
  Symbol(enzyme.__node__): Object {
    "instance": null,
    "key": undefined,
    "nodeType": "class",
    "props": Object {
      "activeOpacity": 0.85,
      "children": <Component
        style={
          Object {
            "backgroundColor": "white",
            "borderColor": "black",
            "borderRadius": 6,
            "borderWidth": 0,
            "elevation": 1,
            "flex": 1,
            "flexDirection": "row",
            "height": 120,
            "marginBottom": 10,
            "shadowColor": "#888",
            "shadowOffset": Object {
              "height": 1,
              "width": 0,
            },
            "shadowOpacity": 0.8,
            "shadowRadius": 1,
          }
        }
      >
        <Component
          style={
            Object {
              "alignItems": "flex-start",
              "flex": 0.75,
              "flexDirection": "column",
              "justifyContent": "center",
              "paddingLeft": 20,
            }
          }
        >
          <Themed.Text
            style={
              Object {
                "alignItems": "center",
                "flex": 0.3,
                "fontFamily": "Avenir-Heavy",
                "fontSize": 20,
                "paddingBottom": 15,
                "paddingTop": 20,
              }
            }
          >
            bxzhu_channel
          </Themed.Text>
          <Themed.Text
            style={
              Object {
                "alignItems": "center",
                "flex": 0.35,
                "fontFamily": "Avenir-Light",
                "fontSize": 16,
              }
            }
          >
            bxzhu
          </Themed.Text>
          <Component
            style={
              Object {
                "alignItems": "center",
                "flex": 0.35,
                "flexDirection": "row",
                "paddingBottom": 10,
              }
            }
          >
            <Themed.Text
              style={
                Object {
                  "alignItems": "center",
                  "color": "#555",
                  "flex": 0.7,
                  "fontFamily": "Helvetica-Light",
                  "justifyContent": "center",
                }
              }
            >
              0 users, 0 tasks
            </Themed.Text>
            <TouchableWithoutFeedback
              onPress={[Function]}
            >
              <Themed.Icon
                color="black"
                name="add"
                size={30}
                style={
                  Object {
                    "alignItems": "center",
                    "flex": 0.3,
                    "justifyContent": "center",
                    "paddingBottom": 10,
                  }
                }
              />
            </TouchableWithoutFeedback>
          </Component>
        </Component>
        <Component
          style={
            Object {
              "alignItems": "flex-end",
              "flex": 0.25,
              "justifyContent": "center",
              "paddingRight": 20,
            }
          }
        >
          <Themed.Avatar
            size={80}
            source={
              Object {
                "uri": "http://shortlink.in/themes/v3/styles/img/url-link.png",
              }
            }
          />
        </Component>
      </Component>,
      "delayPressOut": 100,
      "onPress": [Function],
      "underlayColor": "#aaa",
    },
    "ref": null,
    "rendered": Object {
      "instance": null,
      "key": undefined,
      "nodeType": "class",
      "props": Object {
        "children": Array [
          <Component
            style={
              Object {
                "alignItems": "flex-start",
                "flex": 0.75,
                "flexDirection": "column",
                "justifyContent": "center",
                "paddingLeft": 20,
              }
            }
          >
            <Themed.Text
              style={
                Object {
                  "alignItems": "center",
                  "flex": 0.3,
                  "fontFamily": "Avenir-Heavy",
                  "fontSize": 20,
                  "paddingBottom": 15,
                  "paddingTop": 20,
                }
              }
            >
              bxzhu_channel
            </Themed.Text>
            <Themed.Text
              style={
                Object {
                  "alignItems": "center",
                  "flex": 0.35,
                  "fontFamily": "Avenir-Light",
                  "fontSize": 16,
                }
              }
            >
              bxzhu
            </Themed.Text>
            <Component
              style={
                Object {
                  "alignItems": "center",
                  "flex": 0.35,
                  "flexDirection": "row",
                  "paddingBottom": 10,
                }
              }
            >
              <Themed.Text
                style={
                  Object {
                    "alignItems": "center",
                    "color": "#555",
                    "flex": 0.7,
                    "fontFamily": "Helvetica-Light",
                    "justifyContent": "center",
                  }
                }
              >
                0 users, 0 tasks
              </Themed.Text>
              <TouchableWithoutFeedback
                onPress={[Function]}
              >
                <Themed.Icon
                  color="black"
                  name="add"
                  size={30}
                  style={
                    Object {
                      "alignItems": "center",
                      "flex": 0.3,
                      "justifyContent": "center",
                      "paddingBottom": 10,
                    }
                  }
                />
              </TouchableWithoutFeedback>
            </Component>
          </Component>,
          <Component
            style={
              Object {
                "alignItems": "flex-end",
                "flex": 0.25,
                "justifyContent": "center",
                "paddingRight": 20,
              }
            }
          >
            <Themed.Avatar
              size={80}
              source={
                Object {
                  "uri": "http://shortlink.in/themes/v3/styles/img/url-link.png",
                }
              }
            />
          </Component>,
        ],
        "style": Object {
          "backgroundColor": "white",
          "borderColor": "black",
          "borderRadius": 6,
          "borderWidth": 0,
          "elevation": 1,
          "flex": 1,
          "flexDirection": "row",
          "height": 120,
          "marginBottom": 10,
          "shadowColor": "#888",
          "shadowOffset": Object {
            "height": 1,
            "width": 0,
          },
          "shadowOpacity": 0.8,
          "shadowRadius": 1,
        },
      },
      "ref": null,
      "rendered": Array [
        Object {
          "instance": null,
          "key": undefined,
          "nodeType": "class",
          "props": Object {
            "children": Array [
              <Themed.Text
                style={
                  Object {
                    "alignItems": "center",
                    "flex": 0.3,
                    "fontFamily": "Avenir-Heavy",
                    "fontSize": 20,
                    "paddingBottom": 15,
                    "paddingTop": 20,
                  }
                }
              >
                bxzhu_channel
              </Themed.Text>,
              <Themed.Text
                style={
                  Object {
                    "alignItems": "center",
                    "flex": 0.35,
                    "fontFamily": "Avenir-Light",
                    "fontSize": 16,
                  }
                }
              >
                bxzhu
              </Themed.Text>,
              <Component
                style={
                  Object {
                    "alignItems": "center",
                    "flex": 0.35,
                    "flexDirection": "row",
                    "paddingBottom": 10,
                  }
                }
              >
                <Themed.Text
                  style={
                    Object {
                      "alignItems": "center",
                      "color": "#555",
                      "flex": 0.7,
                      "fontFamily": "Helvetica-Light",
                      "justifyContent": "center",
                    }
                  }
                >
                  0 users, 0 tasks
                </Themed.Text>
                <TouchableWithoutFeedback
                  onPress={[Function]}
                >
                  <Themed.Icon
                    color="black"
                    name="add"
                    size={30}
                    style={
                      Object {
                        "alignItems": "center",
                        "flex": 0.3,
                        "justifyContent": "center",
                        "paddingBottom": 10,
                      }
                    }
                  />
                </TouchableWithoutFeedback>
              </Component>,
            ],
            "style": Object {
              "alignItems": "flex-start",
              "flex": 0.75,
              "flexDirection": "column",
              "justifyContent": "center",
              "paddingLeft": 20,
            },
          },
          "ref": null,
          "rendered": Array [
            Object {
              "instance": null,
              "key": undefined,
              "nodeType": "class",
              "props": Object {
                "children": "bxzhu_channel",
                "style": Object {
                  "alignItems": "center",
                  "flex": 0.3,
                  "fontFamily": "Avenir-Heavy",
                  "fontSize": 20,
                  "paddingBottom": 15,
                  "paddingTop": 20,
                },
              },
              "ref": null,
              "rendered": "bxzhu_channel",
              "type": [Function],
            },
            Object {
              "instance": null,
              "key": undefined,
              "nodeType": "class",
              "props": Object {
                "children": "bxzhu",
                "style": Object {
                  "alignItems": "center",
                  "flex": 0.35,
                  "fontFamily": "Avenir-Light",
                  "fontSize": 16,
                },
              },
              "ref": null,
              "rendered": "bxzhu",
              "type": [Function],
            },
            Object {
              "instance": null,
              "key": undefined,
              "nodeType": "class",
              "props": Object {
                "children": Array [
                  <Themed.Text
                    style={
                      Object {
                        "alignItems": "center",
                        "color": "#555",
                        "flex": 0.7,
                        "fontFamily": "Helvetica-Light",
                        "justifyContent": "center",
                      }
                    }
                  >
                    0 users, 0 tasks
                  </Themed.Text>,
                  <TouchableWithoutFeedback
                    onPress={[Function]}
                  >
                    <Themed.Icon
                      color="black"
                      name="add"
                      size={30}
                      style={
                        Object {
                          "alignItems": "center",
                          "flex": 0.3,
                          "justifyContent": "center",
                          "paddingBottom": 10,
                        }
                      }
                    />
                  </TouchableWithoutFeedback>,
                ],
                "style": Object {
                  "alignItems": "center",
                  "flex": 0.35,
                  "flexDirection": "row",
                  "paddingBottom": 10,
                },
              },
              "ref": null,
              "rendered": Array [
                Object {
                  "instance": null,
                  "key": undefined,
                  "nodeType": "class",
                  "props": Object {
                    "children": "0 users, 0 tasks",
                    "style": Object {
                      "alignItems": "center",
                      "color": "#555",
                      "flex": 0.7,
                      "fontFamily": "Helvetica-Light",
                      "justifyContent": "center",
                    },
                  },
                  "ref": null,
                  "rendered": "0 users, 0 tasks",
                  "type": [Function],
                },
                Object {
                  "instance": null,
                  "key": undefined,
                  "nodeType": "class",
                  "props": Object {
                    "children": <Themed.Icon
                      color="black"
                      name="add"
                      size={30}
                      style={
                        Object {
                          "alignItems": "center",
                          "flex": 0.3,
                          "justifyContent": "center",
                          "paddingBottom": 10,
                        }
                      }
                    />,
                    "onPress": [Function],
                  },
                  "ref": null,
                  "rendered": Object {
                    "instance": null,
                    "key": undefined,
                    "nodeType": "class",
                    "props": Object {
                      "color": "black",
                      "name": "add",
                      "size": 30,
                      "style": Object {
                        "alignItems": "center",
                        "flex": 0.3,
                        "justifyContent": "center",
                        "paddingBottom": 10,
                      },
                    },
                    "ref": null,
                    "rendered": null,
                    "type": [Function],
                  },
                  "type": [Function],
                },
              ],
              "type": [Function],
            },
          ],
          "type": [Function],
        },
        Object {
          "instance": null,
          "key": undefined,
          "nodeType": "class",
          "props": Object {
            "children": <Themed.Avatar
              size={80}
              source={
                Object {
                  "uri": "http://shortlink.in/themes/v3/styles/img/url-link.png",
                }
              }
            />,
            "style": Object {
              "alignItems": "flex-end",
              "flex": 0.25,
              "justifyContent": "center",
              "paddingRight": 20,
            },
          },
          "ref": null,
          "rendered": Object {
            "instance": null,
            "key": undefined,
            "nodeType": "class",
            "props": Object {
              "size": 80,
              "source": Object {
                "uri": "http://shortlink.in/themes/v3/styles/img/url-link.png",
              },
            },
            "ref": null,
            "rendered": null,
            "type": [Function],
          },
          "type": [Function],
        },
      ],
      "type": [Function],
    },
    "type": [Function],
  },
  Symbol(enzyme.__nodes__): Array [
    Object {
      "instance": null,
      "key": undefined,
      "nodeType": "class",
      "props": Object {
        "activeOpacity": 0.85,
        "children": <Component
          style={
            Object {
              "backgroundColor": "white",
              "borderColor": "black",
              "borderRadius": 6,
              "borderWidth": 0,
              "elevation": 1,
              "flex": 1,
              "flexDirection": "row",
              "height": 120,
              "marginBottom": 10,
              "shadowColor": "#888",
              "shadowOffset": Object {
                "height": 1,
                "width": 0,
              },
              "shadowOpacity": 0.8,
              "shadowRadius": 1,
            }
          }
        >
          <Component
            style={
              Object {
                "alignItems": "flex-start",
                "flex": 0.75,
                "flexDirection": "column",
                "justifyContent": "center",
                "paddingLeft": 20,
              }
            }
          >
            <Themed.Text
              style={
                Object {
                  "alignItems": "center",
                  "flex": 0.3,
                  "fontFamily": "Avenir-Heavy",
                  "fontSize": 20,
                  "paddingBottom": 15,
                  "paddingTop": 20,
                }
              }
            >
              bxzhu_channel
            </Themed.Text>
            <Themed.Text
              style={
                Object {
                  "alignItems": "center",
                  "flex": 0.35,
                  "fontFamily": "Avenir-Light",
                  "fontSize": 16,
                }
              }
            >
              bxzhu
            </Themed.Text>
            <Component
              style={
                Object {
                  "alignItems": "center",
                  "flex": 0.35,
                  "flexDirection": "row",
                  "paddingBottom": 10,
                }
              }
            >
              <Themed.Text
                style={
                  Object {
                    "alignItems": "center",
                    "color": "#555",
                    "flex": 0.7,
                    "fontFamily": "Helvetica-Light",
                    "justifyContent": "center",
                  }
                }
              >
                0 users, 0 tasks
              </Themed.Text>
              <TouchableWithoutFeedback
                onPress={[Function]}
              >
                <Themed.Icon
                  color="black"
                  name="add"
                  size={30}
                  style={
                    Object {
                      "alignItems": "center",
                      "flex": 0.3,
                      "justifyContent": "center",
                      "paddingBottom": 10,
                    }
                  }
                />
              </TouchableWithoutFeedback>
            </Component>
          </Component>
          <Component
            style={
              Object {
                "alignItems": "flex-end",
                "flex": 0.25,
                "justifyContent": "center",
                "paddingRight": 20,
              }
            }
          >
            <Themed.Avatar
              size={80}
              source={
                Object {
                  "uri": "http://shortlink.in/themes/v3/styles/img/url-link.png",
                }
              }
            />
          </Component>
        </Component>,
        "delayPressOut": 100,
        "onPress": [Function],
        "underlayColor": "#aaa",
      },
      "ref": null,
      "rendered": Object {
        "instance": null,
        "key": undefined,
        "nodeType": "class",
        "props": Object {
          "children": Array [
            <Component
              style={
                Object {
                  "alignItems": "flex-start",
                  "flex": 0.75,
                  "flexDirection": "column",
                  "justifyContent": "center",
                  "paddingLeft": 20,
                }
              }
            >
              <Themed.Text
                style={
                  Object {
                    "alignItems": "center",
                    "flex": 0.3,
                    "fontFamily": "Avenir-Heavy",
                    "fontSize": 20,
                    "paddingBottom": 15,
                    "paddingTop": 20,
                  }
                }
              >
                bxzhu_channel
              </Themed.Text>
              <Themed.Text
                style={
                  Object {
                    "alignItems": "center",
                    "flex": 0.35,
                    "fontFamily": "Avenir-Light",
                    "fontSize": 16,
                  }
                }
              >
                bxzhu
              </Themed.Text>
              <Component
                style={
                  Object {
                    "alignItems": "center",
                    "flex": 0.35,
                    "flexDirection": "row",
                    "paddingBottom": 10,
                  }
                }
              >
                <Themed.Text
                  style={
                    Object {
                      "alignItems": "center",
                      "color": "#555",
                      "flex": 0.7,
                      "fontFamily": "Helvetica-Light",
                      "justifyContent": "center",
                    }
                  }
                >
                  0 users, 0 tasks
                </Themed.Text>
                <TouchableWithoutFeedback
                  onPress={[Function]}
                >
                  <Themed.Icon
                    color="black"
                    name="add"
                    size={30}
                    style={
                      Object {
                        "alignItems": "center",
                        "flex": 0.3,
                        "justifyContent": "center",
                        "paddingBottom": 10,
                      }
                    }
                  />
                </TouchableWithoutFeedback>
              </Component>
            </Component>,
            <Component
              style={
                Object {
                  "alignItems": "flex-end",
                  "flex": 0.25,
                  "justifyContent": "center",
                  "paddingRight": 20,
                }
              }
            >
              <Themed.Avatar
                size={80}
                source={
                  Object {
                    "uri": "http://shortlink.in/themes/v3/styles/img/url-link.png",
                  }
                }
              />
            </Component>,
          ],
          "style": Object {
            "backgroundColor": "white",
            "borderColor": "black",
            "borderRadius": 6,
            "borderWidth": 0,
            "elevation": 1,
            "flex": 1,
            "flexDirection": "row",
            "height": 120,
            "marginBottom": 10,
            "shadowColor": "#888",
            "shadowOffset": Object {
              "height": 1,
              "width": 0,
            },
            "shadowOpacity": 0.8,
            "shadowRadius": 1,
          },
        },
        "ref": null,
        "rendered": Array [
          Object {
            "instance": null,
            "key": undefined,
            "nodeType": "class",
            "props": Object {
              "children": Array [
                <Themed.Text
                  style={
                    Object {
                      "alignItems": "center",
                      "flex": 0.3,
                      "fontFamily": "Avenir-Heavy",
                      "fontSize": 20,
                      "paddingBottom": 15,
                      "paddingTop": 20,
                    }
                  }
                >
                  bxzhu_channel
                </Themed.Text>,
                <Themed.Text
                  style={
                    Object {
                      "alignItems": "center",
                      "flex": 0.35,
                      "fontFamily": "Avenir-Light",
                      "fontSize": 16,
                    }
                  }
                >
                  bxzhu
                </Themed.Text>,
                <Component
                  style={
                    Object {
                      "alignItems": "center",
                      "flex": 0.35,
                      "flexDirection": "row",
                      "paddingBottom": 10,
                    }
                  }
                >
                  <Themed.Text
                    style={
                      Object {
                        "alignItems": "center",
                        "color": "#555",
                        "flex": 0.7,
                        "fontFamily": "Helvetica-Light",
                        "justifyContent": "center",
                      }
                    }
                  >
                    0 users, 0 tasks
                  </Themed.Text>
                  <TouchableWithoutFeedback
                    onPress={[Function]}
                  >
                    <Themed.Icon
                      color="black"
                      name="add"
                      size={30}
                      style={
                        Object {
                          "alignItems": "center",
                          "flex": 0.3,
                          "justifyContent": "center",
                          "paddingBottom": 10,
                        }
                      }
                    />
                  </TouchableWithoutFeedback>
                </Component>,
              ],
              "style": Object {
                "alignItems": "flex-start",
                "flex": 0.75,
                "flexDirection": "column",
                "justifyContent": "center",
                "paddingLeft": 20,
              },
            },
            "ref": null,
            "rendered": Array [
              Object {
                "instance": null,
                "key": undefined,
                "nodeType": "class",
                "props": Object {
                  "children": "bxzhu_channel",
                  "style": Object {
                    "alignItems": "center",
                    "flex": 0.3,
                    "fontFamily": "Avenir-Heavy",
                    "fontSize": 20,
                    "paddingBottom": 15,
                    "paddingTop": 20,
                  },
                },
                "ref": null,
                "rendered": "bxzhu_channel",
                "type": [Function],
              },
              Object {
                "instance": null,
                "key": undefined,
                "nodeType": "class",
                "props": Object {
                  "children": "bxzhu",
                  "style": Object {
                    "alignItems": "center",
                    "flex": 0.35,
                    "fontFamily": "Avenir-Light",
                    "fontSize": 16,
                  },
                },
                "ref": null,
                "rendered": "bxzhu",
                "type": [Function],
              },
              Object {
                "instance": null,
                "key": undefined,
                "nodeType": "class",
                "props": Object {
                  "children": Array [
                    <Themed.Text
                      style={
                        Object {
                          "alignItems": "center",
                          "color": "#555",
                          "flex": 0.7,
                          "fontFamily": "Helvetica-Light",
                          "justifyContent": "center",
                        }
                      }
                    >
                      0 users, 0 tasks
                    </Themed.Text>,
                    <TouchableWithoutFeedback
                      onPress={[Function]}
                    >
                      <Themed.Icon
                        color="black"
                        name="add"
                        size={30}
                        style={
                          Object {
                            "alignItems": "center",
                            "flex": 0.3,
                            "justifyContent": "center",
                            "paddingBottom": 10,
                          }
                        }
                      />
                    </TouchableWithoutFeedback>,
                  ],
                  "style": Object {
                    "alignItems": "center",
                    "flex": 0.35,
                    "flexDirection": "row",
                    "paddingBottom": 10,
                  },
                },
                "ref": null,
                "rendered": Array [
                  Object {
                    "instance": null,
                    "key": undefined,
                    "nodeType": "class",
                    "props": Object {
                      "children": "0 users, 0 tasks",
                      "style": Object {
                        "alignItems": "center",
                        "color": "#555",
                        "flex": 0.7,
                        "fontFamily": "Helvetica-Light",
                        "justifyContent": "center",
                      },
                    },
                    "ref": null,
                    "rendered": "0 users, 0 tasks",
                    "type": [Function],
                  },
                  Object {
                    "instance": null,
                    "key": undefined,
                    "nodeType": "class",
                    "props": Object {
                      "children": <Themed.Icon
                        color="black"
                        name="add"
                        size={30}
                        style={
                          Object {
                            "alignItems": "center",
                            "flex": 0.3,
                            "justifyContent": "center",
                            "paddingBottom": 10,
                          }
                        }
                      />,
                      "onPress": [Function],
                    },
                    "ref": null,
                    "rendered": Object {
                      "instance": null,
                      "key": undefined,
                      "nodeType": "class",
                      "props": Object {
                        "color": "black",
                        "name": "add",
                        "size": 30,
                        "style": Object {
                          "alignItems": "center",
                          "flex": 0.3,
                          "justifyContent": "center",
                          "paddingBottom": 10,
                        },
                      },
                      "ref": null,
                      "rendered": null,
                      "type": [Function],
                    },
                    "type": [Function],
                  },
                ],
                "type": [Function],
              },
            ],
            "type": [Function],
          },
          Object {
            "instance": null,
            "key": undefined,
            "nodeType": "class",
            "props": Object {
              "children": <Themed.Avatar
                size={80}
                source={
                  Object {
                    "uri": "http://shortlink.in/themes/v3/styles/img/url-link.png",
                  }
                }
              />,
              "style": Object {
                "alignItems": "flex-end",
                "flex": 0.25,
                "justifyContent": "center",
                "paddingRight": 20,
              },
            },
            "ref": null,
            "rendered": Object {
              "instance": null,
              "key": undefined,
              "nodeType": "class",
              "props": Object {
                "size": 80,
                "source": Object {
                  "uri": "http://shortlink.in/themes/v3/styles/img/url-link.png",
                },
              },
              "ref": null,
              "rendered": null,
              "type": [Function],
            },
            "type": [Function],
          },
        ],
        "type": [Function],
      },
      "type": [Function],
    },
  ],
  Symbol(enzyme.__options__): Object {
    "adapter": ReactSixteenAdapter {
      "options": Object {
        "enableComponentDidUpdateOnSetState": true,
        "lifecycles": Object {
          "componentDidUpdate": Object {
            "onSetState": true,
          },
          "getDerivedStateFromProps": true,
          "getSnapshotBeforeUpdate": true,
          "setState": Object {
            "skipsComponentDidUpdateOnNullish": true,
          },
        },
      },
    },
    "context": Object {
      "store": Object {
        "clearActions": [Function],
        "dispatch": [Function],
        "getActions": [Function],
        "getState": [Function],
        "replaceReducer": [Function],
        "subscribe": [Function],
      },
    },
  },
}
`;
