// Jest Snapshot v1, https://goo.gl/fbAQLP

exports[`Testing Channel Memberview Page renders as expected 1`] = `
ShallowWrapper {
  Symbol(enzyme.__root__): [Circular],
  Symbol(enzyme.__unrendered__): <Component
    style={
      Object {
        "backgroundColor": "white",
      }
    }
  >
    <Component
      style={
        Object {
          "alignItems": "stretch",
          "flexDirection": "row",
        }
      }
    >
      <Themed.Card
        containerStyle={
          Object {
            "alignItems": "flex-start",
            "backgroundColor": "#777",
            "borderColor": "#555",
            "borderRadius": 10,
            "flex": 1,
            "marginRight": 2,
          }
        }
      >
        <Component
          style={
            Object {
              "paddingBottom": 20,
            }
          }
        >
          <Text
            accessible={true}
            allowFontScaling={true}
            ellipsizeMode="tail"
            style={
              Object {
                "color": "white",
                "fontSize": 15,
                "paddingVertical": 2,
              }
            }
          >
            Rank
          </Text>
          <Text
            accessible={true}
            allowFontScaling={true}
            ellipsizeMode="tail"
            style={
              Array [
                Object {
                  "color": "white",
                  "fontSize": 15,
                  "paddingVertical": 2,
                },
                Object {
                  "fontFamily": "Avenir-Black",
                  "fontSize": 22,
                  "paddingTop": 5,
                },
              ]
            }
          >
            N/A
          </Text>
        </Component>
        <Component
          style={
            Object {
              "paddingBottom": 20,
            }
          }
        >
          <Text
            accessible={true}
            allowFontScaling={true}
            ellipsizeMode="tail"
            style={
              Object {
                "color": "white",
                "fontSize": 15,
                "paddingVertical": 2,
              }
            }
          >
            Score
          </Text>
          <Text
            accessible={true}
            allowFontScaling={true}
            ellipsizeMode="tail"
            style={
              Array [
                Object {
                  "color": "white",
                  "fontSize": 15,
                  "paddingVertical": 2,
                },
                Object {
                  "fontFamily": "Avenir-Black",
                  "fontSize": 22,
                  "paddingTop": 5,
                },
              ]
            }
          />
        </Component>
      </Themed.Card>
      <Themed.Card
        containerStyle={
          Object {
            "backgroundColor": "#555",
            "borderColor": "#555",
            "borderRadius": 10,
            "flex": 4,
            "marginLeft": 5,
          }
        }
      >
        <ScrollViewMock
          style={
            Object {
              "height": 140,
            }
          }
        />
        <Themed.Divider
          style={
            Object {
              "backgroundColor": "#bbb",
              "height": 1,
            }
          }
        />
        <Component
          style={
            Object {
              "alignItems": "center",
              "flexDirection": "row",
              "justifyContent": "space-between",
              "paddingLeft": 5,
              "paddingRight": 5,
            }
          }
        >
          <TouchableHighlight
            activeOpacity={0.85}
            delayPressOut={100}
            onPress={[Function]}
            style={
              Object {
                "paddingTop": 10,
              }
            }
            underlayColor="#aaa"
          >
            <Text
              accessible={true}
              allowFontScaling={true}
              ellipsizeMode="tail"
              style={
                Object {
                  "color": "white",
                  "fontSize": 16,
                }
              }
            >
              More
            </Text>
          </TouchableHighlight>
          <TouchableHighlight
            activeOpacity={0.85}
            delayPressOut={100}
            onPress={[Function]}
            style={
              Object {
                "paddingTop": 10,
              }
            }
            underlayColor="#aaa"
          >
            <Text
              accessible={true}
              allowFontScaling={true}
              ellipsizeMode="tail"
              style={
                Object {
                  "color": "white",
                  "fontSize": 16,
                }
              }
            >
              Add
            </Text>
          </TouchableHighlight>
          <TouchableHighlight
            activeOpacity={0.85}
            delayPressOut={100}
            onPress={[Function]}
            style={
              Object {
                "paddingTop": 10,
              }
            }
            underlayColor="#aaa"
          >
            <Component>
              <Text
                accessible={true}
                allowFontScaling={true}
                ellipsizeMode="tail"
                style={
                  Object {
                    "color": "white",
                    "fontSize": 16,
                  }
                }
              >
                 Vote 
              </Text>
            </Component>
          </TouchableHighlight>
        </Component>
      </Themed.Card>
    </Component>
    <Themed.Divider
      style={
        Object {
          "backgroundColor": "#999",
          "marginHorizontal": 20,
          "marginTop": 20,
        }
      }
    />
    <ScrollViewMock />
  </Component>,
  Symbol(enzyme.__renderer__): Object {
    "batchedUpdates": [Function],
    "getNode": [Function],
    "render": [Function],
    "simulateError": [Function],
    "simulateEvent": [Function],
    "unmount": [Function],
  },
  Symbol(enzyme.__node__): Object {
    "instance": null,
    "key": undefined,
    "nodeType": "host",
    "props": Object {
      "children": Array [
        <Component
          style={
            Object {
              "alignItems": "stretch",
              "flexDirection": "row",
            }
          }
        >
          <Themed.Card
            containerStyle={
              Object {
                "alignItems": "flex-start",
                "backgroundColor": "#777",
                "borderColor": "#555",
                "borderRadius": 10,
                "flex": 1,
                "marginRight": 2,
              }
            }
          >
            <Component
              style={
                Object {
                  "paddingBottom": 20,
                }
              }
            >
              <Text
                accessible={true}
                allowFontScaling={true}
                ellipsizeMode="tail"
                style={
                  Object {
                    "color": "white",
                    "fontSize": 15,
                    "paddingVertical": 2,
                  }
                }
              >
                Rank
              </Text>
              <Text
                accessible={true}
                allowFontScaling={true}
                ellipsizeMode="tail"
                style={
                  Array [
                    Object {
                      "color": "white",
                      "fontSize": 15,
                      "paddingVertical": 2,
                    },
                    Object {
                      "fontFamily": "Avenir-Black",
                      "fontSize": 22,
                      "paddingTop": 5,
                    },
                  ]
                }
              >
                N/A
              </Text>
            </Component>
            <Component
              style={
                Object {
                  "paddingBottom": 20,
                }
              }
            >
              <Text
                accessible={true}
                allowFontScaling={true}
                ellipsizeMode="tail"
                style={
                  Object {
                    "color": "white",
                    "fontSize": 15,
                    "paddingVertical": 2,
                  }
                }
              >
                Score
              </Text>
              <Text
                accessible={true}
                allowFontScaling={true}
                ellipsizeMode="tail"
                style={
                  Array [
                    Object {
                      "color": "white",
                      "fontSize": 15,
                      "paddingVertical": 2,
                    },
                    Object {
                      "fontFamily": "Avenir-Black",
                      "fontSize": 22,
                      "paddingTop": 5,
                    },
                  ]
                }
              />
            </Component>
          </Themed.Card>
          <Themed.Card
            containerStyle={
              Object {
                "backgroundColor": "#555",
                "borderColor": "#555",
                "borderRadius": 10,
                "flex": 4,
                "marginLeft": 5,
              }
            }
          >
            <ScrollViewMock
              style={
                Object {
                  "height": 140,
                }
              }
            />
            <Themed.Divider
              style={
                Object {
                  "backgroundColor": "#bbb",
                  "height": 1,
                }
              }
            />
            <Component
              style={
                Object {
                  "alignItems": "center",
                  "flexDirection": "row",
                  "justifyContent": "space-between",
                  "paddingLeft": 5,
                  "paddingRight": 5,
                }
              }
            >
              <TouchableHighlight
                activeOpacity={0.85}
                delayPressOut={100}
                onPress={[Function]}
                style={
                  Object {
                    "paddingTop": 10,
                  }
                }
                underlayColor="#aaa"
              >
                <Text
                  accessible={true}
                  allowFontScaling={true}
                  ellipsizeMode="tail"
                  style={
                    Object {
                      "color": "white",
                      "fontSize": 16,
                    }
                  }
                >
                  More
                </Text>
              </TouchableHighlight>
              <TouchableHighlight
                activeOpacity={0.85}
                delayPressOut={100}
                onPress={[Function]}
                style={
                  Object {
                    "paddingTop": 10,
                  }
                }
                underlayColor="#aaa"
              >
                <Text
                  accessible={true}
                  allowFontScaling={true}
                  ellipsizeMode="tail"
                  style={
                    Object {
                      "color": "white",
                      "fontSize": 16,
                    }
                  }
                >
                  Add
                </Text>
              </TouchableHighlight>
              <TouchableHighlight
                activeOpacity={0.85}
                delayPressOut={100}
                onPress={[Function]}
                style={
                  Object {
                    "paddingTop": 10,
                  }
                }
                underlayColor="#aaa"
              >
                <Component>
                  <Text
                    accessible={true}
                    allowFontScaling={true}
                    ellipsizeMode="tail"
                    style={
                      Object {
                        "color": "white",
                        "fontSize": 16,
                      }
                    }
                  >
                     Vote 
                  </Text>
                </Component>
              </TouchableHighlight>
            </Component>
          </Themed.Card>
        </Component>,
        <Themed.Divider
          style={
            Object {
              "backgroundColor": "#999",
              "marginHorizontal": 20,
              "marginTop": 20,
            }
          }
        />,
        <ScrollViewMock />,
      ],
      "style": Object {
        "backgroundColor": "white",
      },
    },
    "ref": null,
    "rendered": Array [
      Object {
        "instance": null,
        "key": undefined,
        "nodeType": "class",
        "props": Object {
          "children": Array [
            <Themed.Card
              containerStyle={
                Object {
                  "alignItems": "flex-start",
                  "backgroundColor": "#777",
                  "borderColor": "#555",
                  "borderRadius": 10,
                  "flex": 1,
                  "marginRight": 2,
                }
              }
            >
              <Component
                style={
                  Object {
                    "paddingBottom": 20,
                  }
                }
              >
                <Text
                  accessible={true}
                  allowFontScaling={true}
                  ellipsizeMode="tail"
                  style={
                    Object {
                      "color": "white",
                      "fontSize": 15,
                      "paddingVertical": 2,
                    }
                  }
                >
                  Rank
                </Text>
                <Text
                  accessible={true}
                  allowFontScaling={true}
                  ellipsizeMode="tail"
                  style={
                    Array [
                      Object {
                        "color": "white",
                        "fontSize": 15,
                        "paddingVertical": 2,
                      },
                      Object {
                        "fontFamily": "Avenir-Black",
                        "fontSize": 22,
                        "paddingTop": 5,
                      },
                    ]
                  }
                >
                  N/A
                </Text>
              </Component>
              <Component
                style={
                  Object {
                    "paddingBottom": 20,
                  }
                }
              >
                <Text
                  accessible={true}
                  allowFontScaling={true}
                  ellipsizeMode="tail"
                  style={
                    Object {
                      "color": "white",
                      "fontSize": 15,
                      "paddingVertical": 2,
                    }
                  }
                >
                  Score
                </Text>
                <Text
                  accessible={true}
                  allowFontScaling={true}
                  ellipsizeMode="tail"
                  style={
                    Array [
                      Object {
                        "color": "white",
                        "fontSize": 15,
                        "paddingVertical": 2,
                      },
                      Object {
                        "fontFamily": "Avenir-Black",
                        "fontSize": 22,
                        "paddingTop": 5,
                      },
                    ]
                  }
                />
              </Component>
            </Themed.Card>,
            <Themed.Card
              containerStyle={
                Object {
                  "backgroundColor": "#555",
                  "borderColor": "#555",
                  "borderRadius": 10,
                  "flex": 4,
                  "marginLeft": 5,
                }
              }
            >
              <ScrollViewMock
                style={
                  Object {
                    "height": 140,
                  }
                }
              />
              <Themed.Divider
                style={
                  Object {
                    "backgroundColor": "#bbb",
                    "height": 1,
                  }
                }
              />
              <Component
                style={
                  Object {
                    "alignItems": "center",
                    "flexDirection": "row",
                    "justifyContent": "space-between",
                    "paddingLeft": 5,
                    "paddingRight": 5,
                  }
                }
              >
                <TouchableHighlight
                  activeOpacity={0.85}
                  delayPressOut={100}
                  onPress={[Function]}
                  style={
                    Object {
                      "paddingTop": 10,
                    }
                  }
                  underlayColor="#aaa"
                >
                  <Text
                    accessible={true}
                    allowFontScaling={true}
                    ellipsizeMode="tail"
                    style={
                      Object {
                        "color": "white",
                        "fontSize": 16,
                      }
                    }
                  >
                    More
                  </Text>
                </TouchableHighlight>
                <TouchableHighlight
                  activeOpacity={0.85}
                  delayPressOut={100}
                  onPress={[Function]}
                  style={
                    Object {
                      "paddingTop": 10,
                    }
                  }
                  underlayColor="#aaa"
                >
                  <Text
                    accessible={true}
                    allowFontScaling={true}
                    ellipsizeMode="tail"
                    style={
                      Object {
                        "color": "white",
                        "fontSize": 16,
                      }
                    }
                  >
                    Add
                  </Text>
                </TouchableHighlight>
                <TouchableHighlight
                  activeOpacity={0.85}
                  delayPressOut={100}
                  onPress={[Function]}
                  style={
                    Object {
                      "paddingTop": 10,
                    }
                  }
                  underlayColor="#aaa"
                >
                  <Component>
                    <Text
                      accessible={true}
                      allowFontScaling={true}
                      ellipsizeMode="tail"
                      style={
                        Object {
                          "color": "white",
                          "fontSize": 16,
                        }
                      }
                    >
                       Vote 
                    </Text>
                  </Component>
                </TouchableHighlight>
              </Component>
            </Themed.Card>,
          ],
          "style": Object {
            "alignItems": "stretch",
            "flexDirection": "row",
          },
        },
        "ref": null,
        "rendered": Array [
          Object {
            "instance": null,
            "key": undefined,
            "nodeType": "class",
            "props": Object {
              "children": Array [
                <Component
                  style={
                    Object {
                      "paddingBottom": 20,
                    }
                  }
                >
                  <Text
                    accessible={true}
                    allowFontScaling={true}
                    ellipsizeMode="tail"
                    style={
                      Object {
                        "color": "white",
                        "fontSize": 15,
                        "paddingVertical": 2,
                      }
                    }
                  >
                    Rank
                  </Text>
                  <Text
                    accessible={true}
                    allowFontScaling={true}
                    ellipsizeMode="tail"
                    style={
                      Array [
                        Object {
                          "color": "white",
                          "fontSize": 15,
                          "paddingVertical": 2,
                        },
                        Object {
                          "fontFamily": "Avenir-Black",
                          "fontSize": 22,
                          "paddingTop": 5,
                        },
                      ]
                    }
                  >
                    N/A
                  </Text>
                </Component>,
                <Component
                  style={
                    Object {
                      "paddingBottom": 20,
                    }
                  }
                >
                  <Text
                    accessible={true}
                    allowFontScaling={true}
                    ellipsizeMode="tail"
                    style={
                      Object {
                        "color": "white",
                        "fontSize": 15,
                        "paddingVertical": 2,
                      }
                    }
                  >
                    Score
                  </Text>
                  <Text
                    accessible={true}
                    allowFontScaling={true}
                    ellipsizeMode="tail"
                    style={
                      Array [
                        Object {
                          "color": "white",
                          "fontSize": 15,
                          "paddingVertical": 2,
                        },
                        Object {
                          "fontFamily": "Avenir-Black",
                          "fontSize": 22,
                          "paddingTop": 5,
                        },
                      ]
                    }
                  />
                </Component>,
              ],
              "containerStyle": Object {
                "alignItems": "flex-start",
                "backgroundColor": "#777",
                "borderColor": "#555",
                "borderRadius": 10,
                "flex": 1,
                "marginRight": 2,
              },
            },
            "ref": null,
            "rendered": Array [
              Object {
                "instance": null,
                "key": undefined,
                "nodeType": "class",
                "props": Object {
                  "children": Array [
                    <Text
                      accessible={true}
                      allowFontScaling={true}
                      ellipsizeMode="tail"
                      style={
                        Object {
                          "color": "white",
                          "fontSize": 15,
                          "paddingVertical": 2,
                        }
                      }
                    >
                      Rank
                    </Text>,
                    <Text
                      accessible={true}
                      allowFontScaling={true}
                      ellipsizeMode="tail"
                      style={
                        Array [
                          Object {
                            "color": "white",
                            "fontSize": 15,
                            "paddingVertical": 2,
                          },
                          Object {
                            "fontFamily": "Avenir-Black",
                            "fontSize": 22,
                            "paddingTop": 5,
                          },
                        ]
                      }
                    >
                      N/A
                    </Text>,
                  ],
                  "style": Object {
                    "paddingBottom": 20,
                  },
                },
                "ref": null,
                "rendered": Array [
                  Object {
                    "instance": null,
                    "key": undefined,
                    "nodeType": "class",
                    "props": Object {
                      "accessible": true,
                      "allowFontScaling": true,
                      "children": "Rank",
                      "ellipsizeMode": "tail",
                      "style": Object {
                        "color": "white",
                        "fontSize": 15,
                        "paddingVertical": 2,
                      },
                    },
                    "ref": null,
                    "rendered": "Rank",
                    "type": [Function],
                  },
                  Object {
                    "instance": null,
                    "key": undefined,
                    "nodeType": "class",
                    "props": Object {
                      "accessible": true,
                      "allowFontScaling": true,
                      "children": "N/A",
                      "ellipsizeMode": "tail",
                      "style": Array [
                        Object {
                          "color": "white",
                          "fontSize": 15,
                          "paddingVertical": 2,
                        },
                        Object {
                          "fontFamily": "Avenir-Black",
                          "fontSize": 22,
                          "paddingTop": 5,
                        },
                      ],
                    },
                    "ref": null,
                    "rendered": "N/A",
                    "type": [Function],
                  },
                ],
                "type": [Function],
              },
              Object {
                "instance": null,
                "key": undefined,
                "nodeType": "class",
                "props": Object {
                  "children": Array [
                    <Text
                      accessible={true}
                      allowFontScaling={true}
                      ellipsizeMode="tail"
                      style={
                        Object {
                          "color": "white",
                          "fontSize": 15,
                          "paddingVertical": 2,
                        }
                      }
                    >
                      Score
                    </Text>,
                    <Text
                      accessible={true}
                      allowFontScaling={true}
                      ellipsizeMode="tail"
                      style={
                        Array [
                          Object {
                            "color": "white",
                            "fontSize": 15,
                            "paddingVertical": 2,
                          },
                          Object {
                            "fontFamily": "Avenir-Black",
                            "fontSize": 22,
                            "paddingTop": 5,
                          },
                        ]
                      }
                    />,
                  ],
                  "style": Object {
                    "paddingBottom": 20,
                  },
                },
                "ref": null,
                "rendered": Array [
                  Object {
                    "instance": null,
                    "key": undefined,
                    "nodeType": "class",
                    "props": Object {
                      "accessible": true,
                      "allowFontScaling": true,
                      "children": "Score",
                      "ellipsizeMode": "tail",
                      "style": Object {
                        "color": "white",
                        "fontSize": 15,
                        "paddingVertical": 2,
                      },
                    },
                    "ref": null,
                    "rendered": "Score",
                    "type": [Function],
                  },
                  Object {
                    "instance": null,
                    "key": undefined,
                    "nodeType": "class",
                    "props": Object {
                      "accessible": true,
                      "allowFontScaling": true,
                      "children": undefined,
                      "ellipsizeMode": "tail",
                      "style": Array [
                        Object {
                          "color": "white",
                          "fontSize": 15,
                          "paddingVertical": 2,
                        },
                        Object {
                          "fontFamily": "Avenir-Black",
                          "fontSize": 22,
                          "paddingTop": 5,
                        },
                      ],
                    },
                    "ref": null,
                    "rendered": null,
                    "type": [Function],
                  },
                ],
                "type": [Function],
              },
            ],
            "type": [Function],
          },
          Object {
            "instance": null,
            "key": undefined,
            "nodeType": "class",
            "props": Object {
              "children": Array [
                <ScrollViewMock
                  style={
                    Object {
                      "height": 140,
                    }
                  }
                />,
                <Themed.Divider
                  style={
                    Object {
                      "backgroundColor": "#bbb",
                      "height": 1,
                    }
                  }
                />,
                <Component
                  style={
                    Object {
                      "alignItems": "center",
                      "flexDirection": "row",
                      "justifyContent": "space-between",
                      "paddingLeft": 5,
                      "paddingRight": 5,
                    }
                  }
                >
                  <TouchableHighlight
                    activeOpacity={0.85}
                    delayPressOut={100}
                    onPress={[Function]}
                    style={
                      Object {
                        "paddingTop": 10,
                      }
                    }
                    underlayColor="#aaa"
                  >
                    <Text
                      accessible={true}
                      allowFontScaling={true}
                      ellipsizeMode="tail"
                      style={
                        Object {
                          "color": "white",
                          "fontSize": 16,
                        }
                      }
                    >
                      More
                    </Text>
                  </TouchableHighlight>
                  <TouchableHighlight
                    activeOpacity={0.85}
                    delayPressOut={100}
                    onPress={[Function]}
                    style={
                      Object {
                        "paddingTop": 10,
                      }
                    }
                    underlayColor="#aaa"
                  >
                    <Text
                      accessible={true}
                      allowFontScaling={true}
                      ellipsizeMode="tail"
                      style={
                        Object {
                          "color": "white",
                          "fontSize": 16,
                        }
                      }
                    >
                      Add
                    </Text>
                  </TouchableHighlight>
                  <TouchableHighlight
                    activeOpacity={0.85}
                    delayPressOut={100}
                    onPress={[Function]}
                    style={
                      Object {
                        "paddingTop": 10,
                      }
                    }
                    underlayColor="#aaa"
                  >
                    <Component>
                      <Text
                        accessible={true}
                        allowFontScaling={true}
                        ellipsizeMode="tail"
                        style={
                          Object {
                            "color": "white",
                            "fontSize": 16,
                          }
                        }
                      >
                         Vote 
                      </Text>
                    </Component>
                  </TouchableHighlight>
                </Component>,
              ],
              "containerStyle": Object {
                "backgroundColor": "#555",
                "borderColor": "#555",
                "borderRadius": 10,
                "flex": 4,
                "marginLeft": 5,
              },
            },
            "ref": null,
            "rendered": Array [
              Object {
                "instance": null,
                "key": undefined,
                "nodeType": "class",
                "props": Object {
                  "children": Array [],
                  "style": Object {
                    "height": 140,
                  },
                },
                "ref": null,
                "rendered": Array [],
                "type": [MockFunction],
              },
              Object {
                "instance": null,
                "key": undefined,
                "nodeType": "class",
                "props": Object {
                  "style": Object {
                    "backgroundColor": "#bbb",
                    "height": 1,
                  },
                },
                "ref": null,
                "rendered": null,
                "type": [Function],
              },
              Object {
                "instance": null,
                "key": undefined,
                "nodeType": "class",
                "props": Object {
                  "children": Array [
                    <TouchableHighlight
                      activeOpacity={0.85}
                      delayPressOut={100}
                      onPress={[Function]}
                      style={
                        Object {
                          "paddingTop": 10,
                        }
                      }
                      underlayColor="#aaa"
                    >
                      <Text
                        accessible={true}
                        allowFontScaling={true}
                        ellipsizeMode="tail"
                        style={
                          Object {
                            "color": "white",
                            "fontSize": 16,
                          }
                        }
                      >
                        More
                      </Text>
                    </TouchableHighlight>,
                    <TouchableHighlight
                      activeOpacity={0.85}
                      delayPressOut={100}
                      onPress={[Function]}
                      style={
                        Object {
                          "paddingTop": 10,
                        }
                      }
                      underlayColor="#aaa"
                    >
                      <Text
                        accessible={true}
                        allowFontScaling={true}
                        ellipsizeMode="tail"
                        style={
                          Object {
                            "color": "white",
                            "fontSize": 16,
                          }
                        }
                      >
                        Add
                      </Text>
                    </TouchableHighlight>,
                    <TouchableHighlight
                      activeOpacity={0.85}
                      delayPressOut={100}
                      onPress={[Function]}
                      style={
                        Object {
                          "paddingTop": 10,
                        }
                      }
                      underlayColor="#aaa"
                    >
                      <Component>
                        <Text
                          accessible={true}
                          allowFontScaling={true}
                          ellipsizeMode="tail"
                          style={
                            Object {
                              "color": "white",
                              "fontSize": 16,
                            }
                          }
                        >
                           Vote 
                        </Text>
                      </Component>
                    </TouchableHighlight>,
                  ],
                  "style": Object {
                    "alignItems": "center",
                    "flexDirection": "row",
                    "justifyContent": "space-between",
                    "paddingLeft": 5,
                    "paddingRight": 5,
                  },
                },
                "ref": null,
                "rendered": Array [
                  Object {
                    "instance": null,
                    "key": undefined,
                    "nodeType": "class",
                    "props": Object {
                      "activeOpacity": 0.85,
                      "children": <Text
                        accessible={true}
                        allowFontScaling={true}
                        ellipsizeMode="tail"
                        style={
                          Object {
                            "color": "white",
                            "fontSize": 16,
                          }
                        }
                      >
                        More
                      </Text>,
                      "delayPressOut": 100,
                      "onPress": [Function],
                      "style": Object {
                        "paddingTop": 10,
                      },
                      "underlayColor": "#aaa",
                    },
                    "ref": null,
                    "rendered": Object {
                      "instance": null,
                      "key": undefined,
                      "nodeType": "class",
                      "props": Object {
                        "accessible": true,
                        "allowFontScaling": true,
                        "children": "More",
                        "ellipsizeMode": "tail",
                        "style": Object {
                          "color": "white",
                          "fontSize": 16,
                        },
                      },
                      "ref": null,
                      "rendered": "More",
                      "type": [Function],
                    },
                    "type": [Function],
                  },
                  Object {
                    "instance": null,
                    "key": undefined,
                    "nodeType": "class",
                    "props": Object {
                      "activeOpacity": 0.85,
                      "children": <Text
                        accessible={true}
                        allowFontScaling={true}
                        ellipsizeMode="tail"
                        style={
                          Object {
                            "color": "white",
                            "fontSize": 16,
                          }
                        }
                      >
                        Add
                      </Text>,
                      "delayPressOut": 100,
                      "onPress": [Function],
                      "style": Object {
                        "paddingTop": 10,
                      },
                      "underlayColor": "#aaa",
                    },
                    "ref": null,
                    "rendered": Object {
                      "instance": null,
                      "key": undefined,
                      "nodeType": "class",
                      "props": Object {
                        "accessible": true,
                        "allowFontScaling": true,
                        "children": "Add",
                        "ellipsizeMode": "tail",
                        "style": Object {
                          "color": "white",
                          "fontSize": 16,
                        },
                      },
                      "ref": null,
                      "rendered": "Add",
                      "type": [Function],
                    },
                    "type": [Function],
                  },
                  Object {
                    "instance": null,
                    "key": undefined,
                    "nodeType": "class",
                    "props": Object {
                      "activeOpacity": 0.85,
                      "children": <Component>
                        <Text
                          accessible={true}
                          allowFontScaling={true}
                          ellipsizeMode="tail"
                          style={
                            Object {
                              "color": "white",
                              "fontSize": 16,
                            }
                          }
                        >
                           Vote 
                        </Text>
                      </Component>,
                      "delayPressOut": 100,
                      "onPress": [Function],
                      "style": Object {
                        "paddingTop": 10,
                      },
                      "underlayColor": "#aaa",
                    },
                    "ref": null,
                    "rendered": Object {
                      "instance": null,
                      "key": undefined,
                      "nodeType": "class",
                      "props": Object {
                        "children": <Text
                          accessible={true}
                          allowFontScaling={true}
                          ellipsizeMode="tail"
                          style={
                            Object {
                              "color": "white",
                              "fontSize": 16,
                            }
                          }
                        >
                           Vote 
                        </Text>,
                      },
                      "ref": null,
                      "rendered": Object {
                        "instance": null,
                        "key": undefined,
                        "nodeType": "class",
                        "props": Object {
                          "accessible": true,
                          "allowFontScaling": true,
                          "children": " Vote ",
                          "ellipsizeMode": "tail",
                          "style": Object {
                            "color": "white",
                            "fontSize": 16,
                          },
                        },
                        "ref": null,
                        "rendered": " Vote ",
                        "type": [Function],
                      },
                      "type": [Function],
                    },
                    "type": [Function],
                  },
                ],
                "type": [Function],
              },
            ],
            "type": [Function],
          },
        ],
        "type": [Function],
      },
      Object {
        "instance": null,
        "key": undefined,
        "nodeType": "class",
        "props": Object {
          "style": Object {
            "backgroundColor": "#999",
            "marginHorizontal": 20,
            "marginTop": 20,
          },
        },
        "ref": null,
        "rendered": null,
        "type": [Function],
      },
      Object {
        "instance": null,
        "key": undefined,
        "nodeType": "class",
        "props": Object {
          "children": Array [],
        },
        "ref": null,
        "rendered": Array [],
        "type": [MockFunction],
      },
    ],
    "type": "View",
  },
  Symbol(enzyme.__nodes__): Array [
    Object {
      "instance": null,
      "key": undefined,
      "nodeType": "host",
      "props": Object {
        "children": Array [
          <Component
            style={
              Object {
                "alignItems": "stretch",
                "flexDirection": "row",
              }
            }
          >
            <Themed.Card
              containerStyle={
                Object {
                  "alignItems": "flex-start",
                  "backgroundColor": "#777",
                  "borderColor": "#555",
                  "borderRadius": 10,
                  "flex": 1,
                  "marginRight": 2,
                }
              }
            >
              <Component
                style={
                  Object {
                    "paddingBottom": 20,
                  }
                }
              >
                <Text
                  accessible={true}
                  allowFontScaling={true}
                  ellipsizeMode="tail"
                  style={
                    Object {
                      "color": "white",
                      "fontSize": 15,
                      "paddingVertical": 2,
                    }
                  }
                >
                  Rank
                </Text>
                <Text
                  accessible={true}
                  allowFontScaling={true}
                  ellipsizeMode="tail"
                  style={
                    Array [
                      Object {
                        "color": "white",
                        "fontSize": 15,
                        "paddingVertical": 2,
                      },
                      Object {
                        "fontFamily": "Avenir-Black",
                        "fontSize": 22,
                        "paddingTop": 5,
                      },
                    ]
                  }
                >
                  N/A
                </Text>
              </Component>
              <Component
                style={
                  Object {
                    "paddingBottom": 20,
                  }
                }
              >
                <Text
                  accessible={true}
                  allowFontScaling={true}
                  ellipsizeMode="tail"
                  style={
                    Object {
                      "color": "white",
                      "fontSize": 15,
                      "paddingVertical": 2,
                    }
                  }
                >
                  Score
                </Text>
                <Text
                  accessible={true}
                  allowFontScaling={true}
                  ellipsizeMode="tail"
                  style={
                    Array [
                      Object {
                        "color": "white",
                        "fontSize": 15,
                        "paddingVertical": 2,
                      },
                      Object {
                        "fontFamily": "Avenir-Black",
                        "fontSize": 22,
                        "paddingTop": 5,
                      },
                    ]
                  }
                />
              </Component>
            </Themed.Card>
            <Themed.Card
              containerStyle={
                Object {
                  "backgroundColor": "#555",
                  "borderColor": "#555",
                  "borderRadius": 10,
                  "flex": 4,
                  "marginLeft": 5,
                }
              }
            >
              <ScrollViewMock
                style={
                  Object {
                    "height": 140,
                  }
                }
              />
              <Themed.Divider
                style={
                  Object {
                    "backgroundColor": "#bbb",
                    "height": 1,
                  }
                }
              />
              <Component
                style={
                  Object {
                    "alignItems": "center",
                    "flexDirection": "row",
                    "justifyContent": "space-between",
                    "paddingLeft": 5,
                    "paddingRight": 5,
                  }
                }
              >
                <TouchableHighlight
                  activeOpacity={0.85}
                  delayPressOut={100}
                  onPress={[Function]}
                  style={
                    Object {
                      "paddingTop": 10,
                    }
                  }
                  underlayColor="#aaa"
                >
                  <Text
                    accessible={true}
                    allowFontScaling={true}
                    ellipsizeMode="tail"
                    style={
                      Object {
                        "color": "white",
                        "fontSize": 16,
                      }
                    }
                  >
                    More
                  </Text>
                </TouchableHighlight>
                <TouchableHighlight
                  activeOpacity={0.85}
                  delayPressOut={100}
                  onPress={[Function]}
                  style={
                    Object {
                      "paddingTop": 10,
                    }
                  }
                  underlayColor="#aaa"
                >
                  <Text
                    accessible={true}
                    allowFontScaling={true}
                    ellipsizeMode="tail"
                    style={
                      Object {
                        "color": "white",
                        "fontSize": 16,
                      }
                    }
                  >
                    Add
                  </Text>
                </TouchableHighlight>
                <TouchableHighlight
                  activeOpacity={0.85}
                  delayPressOut={100}
                  onPress={[Function]}
                  style={
                    Object {
                      "paddingTop": 10,
                    }
                  }
                  underlayColor="#aaa"
                >
                  <Component>
                    <Text
                      accessible={true}
                      allowFontScaling={true}
                      ellipsizeMode="tail"
                      style={
                        Object {
                          "color": "white",
                          "fontSize": 16,
                        }
                      }
                    >
                       Vote 
                    </Text>
                  </Component>
                </TouchableHighlight>
              </Component>
            </Themed.Card>
          </Component>,
          <Themed.Divider
            style={
              Object {
                "backgroundColor": "#999",
                "marginHorizontal": 20,
                "marginTop": 20,
              }
            }
          />,
          <ScrollViewMock />,
        ],
        "style": Object {
          "backgroundColor": "white",
        },
      },
      "ref": null,
      "rendered": Array [
        Object {
          "instance": null,
          "key": undefined,
          "nodeType": "class",
          "props": Object {
            "children": Array [
              <Themed.Card
                containerStyle={
                  Object {
                    "alignItems": "flex-start",
                    "backgroundColor": "#777",
                    "borderColor": "#555",
                    "borderRadius": 10,
                    "flex": 1,
                    "marginRight": 2,
                  }
                }
              >
                <Component
                  style={
                    Object {
                      "paddingBottom": 20,
                    }
                  }
                >
                  <Text
                    accessible={true}
                    allowFontScaling={true}
                    ellipsizeMode="tail"
                    style={
                      Object {
                        "color": "white",
                        "fontSize": 15,
                        "paddingVertical": 2,
                      }
                    }
                  >
                    Rank
                  </Text>
                  <Text
                    accessible={true}
                    allowFontScaling={true}
                    ellipsizeMode="tail"
                    style={
                      Array [
                        Object {
                          "color": "white",
                          "fontSize": 15,
                          "paddingVertical": 2,
                        },
                        Object {
                          "fontFamily": "Avenir-Black",
                          "fontSize": 22,
                          "paddingTop": 5,
                        },
                      ]
                    }
                  >
                    N/A
                  </Text>
                </Component>
                <Component
                  style={
                    Object {
                      "paddingBottom": 20,
                    }
                  }
                >
                  <Text
                    accessible={true}
                    allowFontScaling={true}
                    ellipsizeMode="tail"
                    style={
                      Object {
                        "color": "white",
                        "fontSize": 15,
                        "paddingVertical": 2,
                      }
                    }
                  >
                    Score
                  </Text>
                  <Text
                    accessible={true}
                    allowFontScaling={true}
                    ellipsizeMode="tail"
                    style={
                      Array [
                        Object {
                          "color": "white",
                          "fontSize": 15,
                          "paddingVertical": 2,
                        },
                        Object {
                          "fontFamily": "Avenir-Black",
                          "fontSize": 22,
                          "paddingTop": 5,
                        },
                      ]
                    }
                  />
                </Component>
              </Themed.Card>,
              <Themed.Card
                containerStyle={
                  Object {
                    "backgroundColor": "#555",
                    "borderColor": "#555",
                    "borderRadius": 10,
                    "flex": 4,
                    "marginLeft": 5,
                  }
                }
              >
                <ScrollViewMock
                  style={
                    Object {
                      "height": 140,
                    }
                  }
                />
                <Themed.Divider
                  style={
                    Object {
                      "backgroundColor": "#bbb",
                      "height": 1,
                    }
                  }
                />
                <Component
                  style={
                    Object {
                      "alignItems": "center",
                      "flexDirection": "row",
                      "justifyContent": "space-between",
                      "paddingLeft": 5,
                      "paddingRight": 5,
                    }
                  }
                >
                  <TouchableHighlight
                    activeOpacity={0.85}
                    delayPressOut={100}
                    onPress={[Function]}
                    style={
                      Object {
                        "paddingTop": 10,
                      }
                    }
                    underlayColor="#aaa"
                  >
                    <Text
                      accessible={true}
                      allowFontScaling={true}
                      ellipsizeMode="tail"
                      style={
                        Object {
                          "color": "white",
                          "fontSize": 16,
                        }
                      }
                    >
                      More
                    </Text>
                  </TouchableHighlight>
                  <TouchableHighlight
                    activeOpacity={0.85}
                    delayPressOut={100}
                    onPress={[Function]}
                    style={
                      Object {
                        "paddingTop": 10,
                      }
                    }
                    underlayColor="#aaa"
                  >
                    <Text
                      accessible={true}
                      allowFontScaling={true}
                      ellipsizeMode="tail"
                      style={
                        Object {
                          "color": "white",
                          "fontSize": 16,
                        }
                      }
                    >
                      Add
                    </Text>
                  </TouchableHighlight>
                  <TouchableHighlight
                    activeOpacity={0.85}
                    delayPressOut={100}
                    onPress={[Function]}
                    style={
                      Object {
                        "paddingTop": 10,
                      }
                    }
                    underlayColor="#aaa"
                  >
                    <Component>
                      <Text
                        accessible={true}
                        allowFontScaling={true}
                        ellipsizeMode="tail"
                        style={
                          Object {
                            "color": "white",
                            "fontSize": 16,
                          }
                        }
                      >
                         Vote 
                      </Text>
                    </Component>
                  </TouchableHighlight>
                </Component>
              </Themed.Card>,
            ],
            "style": Object {
              "alignItems": "stretch",
              "flexDirection": "row",
            },
          },
          "ref": null,
          "rendered": Array [
            Object {
              "instance": null,
              "key": undefined,
              "nodeType": "class",
              "props": Object {
                "children": Array [
                  <Component
                    style={
                      Object {
                        "paddingBottom": 20,
                      }
                    }
                  >
                    <Text
                      accessible={true}
                      allowFontScaling={true}
                      ellipsizeMode="tail"
                      style={
                        Object {
                          "color": "white",
                          "fontSize": 15,
                          "paddingVertical": 2,
                        }
                      }
                    >
                      Rank
                    </Text>
                    <Text
                      accessible={true}
                      allowFontScaling={true}
                      ellipsizeMode="tail"
                      style={
                        Array [
                          Object {
                            "color": "white",
                            "fontSize": 15,
                            "paddingVertical": 2,
                          },
                          Object {
                            "fontFamily": "Avenir-Black",
                            "fontSize": 22,
                            "paddingTop": 5,
                          },
                        ]
                      }
                    >
                      N/A
                    </Text>
                  </Component>,
                  <Component
                    style={
                      Object {
                        "paddingBottom": 20,
                      }
                    }
                  >
                    <Text
                      accessible={true}
                      allowFontScaling={true}
                      ellipsizeMode="tail"
                      style={
                        Object {
                          "color": "white",
                          "fontSize": 15,
                          "paddingVertical": 2,
                        }
                      }
                    >
                      Score
                    </Text>
                    <Text
                      accessible={true}
                      allowFontScaling={true}
                      ellipsizeMode="tail"
                      style={
                        Array [
                          Object {
                            "color": "white",
                            "fontSize": 15,
                            "paddingVertical": 2,
                          },
                          Object {
                            "fontFamily": "Avenir-Black",
                            "fontSize": 22,
                            "paddingTop": 5,
                          },
                        ]
                      }
                    />
                  </Component>,
                ],
                "containerStyle": Object {
                  "alignItems": "flex-start",
                  "backgroundColor": "#777",
                  "borderColor": "#555",
                  "borderRadius": 10,
                  "flex": 1,
                  "marginRight": 2,
                },
              },
              "ref": null,
              "rendered": Array [
                Object {
                  "instance": null,
                  "key": undefined,
                  "nodeType": "class",
                  "props": Object {
                    "children": Array [
                      <Text
                        accessible={true}
                        allowFontScaling={true}
                        ellipsizeMode="tail"
                        style={
                          Object {
                            "color": "white",
                            "fontSize": 15,
                            "paddingVertical": 2,
                          }
                        }
                      >
                        Rank
                      </Text>,
                      <Text
                        accessible={true}
                        allowFontScaling={true}
                        ellipsizeMode="tail"
                        style={
                          Array [
                            Object {
                              "color": "white",
                              "fontSize": 15,
                              "paddingVertical": 2,
                            },
                            Object {
                              "fontFamily": "Avenir-Black",
                              "fontSize": 22,
                              "paddingTop": 5,
                            },
                          ]
                        }
                      >
                        N/A
                      </Text>,
                    ],
                    "style": Object {
                      "paddingBottom": 20,
                    },
                  },
                  "ref": null,
                  "rendered": Array [
                    Object {
                      "instance": null,
                      "key": undefined,
                      "nodeType": "class",
                      "props": Object {
                        "accessible": true,
                        "allowFontScaling": true,
                        "children": "Rank",
                        "ellipsizeMode": "tail",
                        "style": Object {
                          "color": "white",
                          "fontSize": 15,
                          "paddingVertical": 2,
                        },
                      },
                      "ref": null,
                      "rendered": "Rank",
                      "type": [Function],
                    },
                    Object {
                      "instance": null,
                      "key": undefined,
                      "nodeType": "class",
                      "props": Object {
                        "accessible": true,
                        "allowFontScaling": true,
                        "children": "N/A",
                        "ellipsizeMode": "tail",
                        "style": Array [
                          Object {
                            "color": "white",
                            "fontSize": 15,
                            "paddingVertical": 2,
                          },
                          Object {
                            "fontFamily": "Avenir-Black",
                            "fontSize": 22,
                            "paddingTop": 5,
                          },
                        ],
                      },
                      "ref": null,
                      "rendered": "N/A",
                      "type": [Function],
                    },
                  ],
                  "type": [Function],
                },
                Object {
                  "instance": null,
                  "key": undefined,
                  "nodeType": "class",
                  "props": Object {
                    "children": Array [
                      <Text
                        accessible={true}
                        allowFontScaling={true}
                        ellipsizeMode="tail"
                        style={
                          Object {
                            "color": "white",
                            "fontSize": 15,
                            "paddingVertical": 2,
                          }
                        }
                      >
                        Score
                      </Text>,
                      <Text
                        accessible={true}
                        allowFontScaling={true}
                        ellipsizeMode="tail"
                        style={
                          Array [
                            Object {
                              "color": "white",
                              "fontSize": 15,
                              "paddingVertical": 2,
                            },
                            Object {
                              "fontFamily": "Avenir-Black",
                              "fontSize": 22,
                              "paddingTop": 5,
                            },
                          ]
                        }
                      />,
                    ],
                    "style": Object {
                      "paddingBottom": 20,
                    },
                  },
                  "ref": null,
                  "rendered": Array [
                    Object {
                      "instance": null,
                      "key": undefined,
                      "nodeType": "class",
                      "props": Object {
                        "accessible": true,
                        "allowFontScaling": true,
                        "children": "Score",
                        "ellipsizeMode": "tail",
                        "style": Object {
                          "color": "white",
                          "fontSize": 15,
                          "paddingVertical": 2,
                        },
                      },
                      "ref": null,
                      "rendered": "Score",
                      "type": [Function],
                    },
                    Object {
                      "instance": null,
                      "key": undefined,
                      "nodeType": "class",
                      "props": Object {
                        "accessible": true,
                        "allowFontScaling": true,
                        "children": undefined,
                        "ellipsizeMode": "tail",
                        "style": Array [
                          Object {
                            "color": "white",
                            "fontSize": 15,
                            "paddingVertical": 2,
                          },
                          Object {
                            "fontFamily": "Avenir-Black",
                            "fontSize": 22,
                            "paddingTop": 5,
                          },
                        ],
                      },
                      "ref": null,
                      "rendered": null,
                      "type": [Function],
                    },
                  ],
                  "type": [Function],
                },
              ],
              "type": [Function],
            },
            Object {
              "instance": null,
              "key": undefined,
              "nodeType": "class",
              "props": Object {
                "children": Array [
                  <ScrollViewMock
                    style={
                      Object {
                        "height": 140,
                      }
                    }
                  />,
                  <Themed.Divider
                    style={
                      Object {
                        "backgroundColor": "#bbb",
                        "height": 1,
                      }
                    }
                  />,
                  <Component
                    style={
                      Object {
                        "alignItems": "center",
                        "flexDirection": "row",
                        "justifyContent": "space-between",
                        "paddingLeft": 5,
                        "paddingRight": 5,
                      }
                    }
                  >
                    <TouchableHighlight
                      activeOpacity={0.85}
                      delayPressOut={100}
                      onPress={[Function]}
                      style={
                        Object {
                          "paddingTop": 10,
                        }
                      }
                      underlayColor="#aaa"
                    >
                      <Text
                        accessible={true}
                        allowFontScaling={true}
                        ellipsizeMode="tail"
                        style={
                          Object {
                            "color": "white",
                            "fontSize": 16,
                          }
                        }
                      >
                        More
                      </Text>
                    </TouchableHighlight>
                    <TouchableHighlight
                      activeOpacity={0.85}
                      delayPressOut={100}
                      onPress={[Function]}
                      style={
                        Object {
                          "paddingTop": 10,
                        }
                      }
                      underlayColor="#aaa"
                    >
                      <Text
                        accessible={true}
                        allowFontScaling={true}
                        ellipsizeMode="tail"
                        style={
                          Object {
                            "color": "white",
                            "fontSize": 16,
                          }
                        }
                      >
                        Add
                      </Text>
                    </TouchableHighlight>
                    <TouchableHighlight
                      activeOpacity={0.85}
                      delayPressOut={100}
                      onPress={[Function]}
                      style={
                        Object {
                          "paddingTop": 10,
                        }
                      }
                      underlayColor="#aaa"
                    >
                      <Component>
                        <Text
                          accessible={true}
                          allowFontScaling={true}
                          ellipsizeMode="tail"
                          style={
                            Object {
                              "color": "white",
                              "fontSize": 16,
                            }
                          }
                        >
                           Vote 
                        </Text>
                      </Component>
                    </TouchableHighlight>
                  </Component>,
                ],
                "containerStyle": Object {
                  "backgroundColor": "#555",
                  "borderColor": "#555",
                  "borderRadius": 10,
                  "flex": 4,
                  "marginLeft": 5,
                },
              },
              "ref": null,
              "rendered": Array [
                Object {
                  "instance": null,
                  "key": undefined,
                  "nodeType": "class",
                  "props": Object {
                    "children": Array [],
                    "style": Object {
                      "height": 140,
                    },
                  },
                  "ref": null,
                  "rendered": Array [],
                  "type": [MockFunction],
                },
                Object {
                  "instance": null,
                  "key": undefined,
                  "nodeType": "class",
                  "props": Object {
                    "style": Object {
                      "backgroundColor": "#bbb",
                      "height": 1,
                    },
                  },
                  "ref": null,
                  "rendered": null,
                  "type": [Function],
                },
                Object {
                  "instance": null,
                  "key": undefined,
                  "nodeType": "class",
                  "props": Object {
                    "children": Array [
                      <TouchableHighlight
                        activeOpacity={0.85}
                        delayPressOut={100}
                        onPress={[Function]}
                        style={
                          Object {
                            "paddingTop": 10,
                          }
                        }
                        underlayColor="#aaa"
                      >
                        <Text
                          accessible={true}
                          allowFontScaling={true}
                          ellipsizeMode="tail"
                          style={
                            Object {
                              "color": "white",
                              "fontSize": 16,
                            }
                          }
                        >
                          More
                        </Text>
                      </TouchableHighlight>,
                      <TouchableHighlight
                        activeOpacity={0.85}
                        delayPressOut={100}
                        onPress={[Function]}
                        style={
                          Object {
                            "paddingTop": 10,
                          }
                        }
                        underlayColor="#aaa"
                      >
                        <Text
                          accessible={true}
                          allowFontScaling={true}
                          ellipsizeMode="tail"
                          style={
                            Object {
                              "color": "white",
                              "fontSize": 16,
                            }
                          }
                        >
                          Add
                        </Text>
                      </TouchableHighlight>,
                      <TouchableHighlight
                        activeOpacity={0.85}
                        delayPressOut={100}
                        onPress={[Function]}
                        style={
                          Object {
                            "paddingTop": 10,
                          }
                        }
                        underlayColor="#aaa"
                      >
                        <Component>
                          <Text
                            accessible={true}
                            allowFontScaling={true}
                            ellipsizeMode="tail"
                            style={
                              Object {
                                "color": "white",
                                "fontSize": 16,
                              }
                            }
                          >
                             Vote 
                          </Text>
                        </Component>
                      </TouchableHighlight>,
                    ],
                    "style": Object {
                      "alignItems": "center",
                      "flexDirection": "row",
                      "justifyContent": "space-between",
                      "paddingLeft": 5,
                      "paddingRight": 5,
                    },
                  },
                  "ref": null,
                  "rendered": Array [
                    Object {
                      "instance": null,
                      "key": undefined,
                      "nodeType": "class",
                      "props": Object {
                        "activeOpacity": 0.85,
                        "children": <Text
                          accessible={true}
                          allowFontScaling={true}
                          ellipsizeMode="tail"
                          style={
                            Object {
                              "color": "white",
                              "fontSize": 16,
                            }
                          }
                        >
                          More
                        </Text>,
                        "delayPressOut": 100,
                        "onPress": [Function],
                        "style": Object {
                          "paddingTop": 10,
                        },
                        "underlayColor": "#aaa",
                      },
                      "ref": null,
                      "rendered": Object {
                        "instance": null,
                        "key": undefined,
                        "nodeType": "class",
                        "props": Object {
                          "accessible": true,
                          "allowFontScaling": true,
                          "children": "More",
                          "ellipsizeMode": "tail",
                          "style": Object {
                            "color": "white",
                            "fontSize": 16,
                          },
                        },
                        "ref": null,
                        "rendered": "More",
                        "type": [Function],
                      },
                      "type": [Function],
                    },
                    Object {
                      "instance": null,
                      "key": undefined,
                      "nodeType": "class",
                      "props": Object {
                        "activeOpacity": 0.85,
                        "children": <Text
                          accessible={true}
                          allowFontScaling={true}
                          ellipsizeMode="tail"
                          style={
                            Object {
                              "color": "white",
                              "fontSize": 16,
                            }
                          }
                        >
                          Add
                        </Text>,
                        "delayPressOut": 100,
                        "onPress": [Function],
                        "style": Object {
                          "paddingTop": 10,
                        },
                        "underlayColor": "#aaa",
                      },
                      "ref": null,
                      "rendered": Object {
                        "instance": null,
                        "key": undefined,
                        "nodeType": "class",
                        "props": Object {
                          "accessible": true,
                          "allowFontScaling": true,
                          "children": "Add",
                          "ellipsizeMode": "tail",
                          "style": Object {
                            "color": "white",
                            "fontSize": 16,
                          },
                        },
                        "ref": null,
                        "rendered": "Add",
                        "type": [Function],
                      },
                      "type": [Function],
                    },
                    Object {
                      "instance": null,
                      "key": undefined,
                      "nodeType": "class",
                      "props": Object {
                        "activeOpacity": 0.85,
                        "children": <Component>
                          <Text
                            accessible={true}
                            allowFontScaling={true}
                            ellipsizeMode="tail"
                            style={
                              Object {
                                "color": "white",
                                "fontSize": 16,
                              }
                            }
                          >
                             Vote 
                          </Text>
                        </Component>,
                        "delayPressOut": 100,
                        "onPress": [Function],
                        "style": Object {
                          "paddingTop": 10,
                        },
                        "underlayColor": "#aaa",
                      },
                      "ref": null,
                      "rendered": Object {
                        "instance": null,
                        "key": undefined,
                        "nodeType": "class",
                        "props": Object {
                          "children": <Text
                            accessible={true}
                            allowFontScaling={true}
                            ellipsizeMode="tail"
                            style={
                              Object {
                                "color": "white",
                                "fontSize": 16,
                              }
                            }
                          >
                             Vote 
                          </Text>,
                        },
                        "ref": null,
                        "rendered": Object {
                          "instance": null,
                          "key": undefined,
                          "nodeType": "class",
                          "props": Object {
                            "accessible": true,
                            "allowFontScaling": true,
                            "children": " Vote ",
                            "ellipsizeMode": "tail",
                            "style": Object {
                              "color": "white",
                              "fontSize": 16,
                            },
                          },
                          "ref": null,
                          "rendered": " Vote ",
                          "type": [Function],
                        },
                        "type": [Function],
                      },
                      "type": [Function],
                    },
                  ],
                  "type": [Function],
                },
              ],
              "type": [Function],
            },
          ],
          "type": [Function],
        },
        Object {
          "instance": null,
          "key": undefined,
          "nodeType": "class",
          "props": Object {
            "style": Object {
              "backgroundColor": "#999",
              "marginHorizontal": 20,
              "marginTop": 20,
            },
          },
          "ref": null,
          "rendered": null,
          "type": [Function],
        },
        Object {
          "instance": null,
          "key": undefined,
          "nodeType": "class",
          "props": Object {
            "children": Array [],
          },
          "ref": null,
          "rendered": Array [],
          "type": [MockFunction],
        },
      ],
      "type": "View",
    },
  ],
  Symbol(enzyme.__options__): Object {
    "adapter": ReactSixteenAdapter {
      "options": Object {
        "enableComponentDidUpdateOnSetState": true,
        "lifecycles": Object {
          "componentDidUpdate": Object {
            "onSetState": true,
          },
          "getDerivedStateFromProps": true,
          "getSnapshotBeforeUpdate": true,
          "setState": Object {
            "skipsComponentDidUpdateOnNullish": true,
          },
        },
      },
    },
    "context": Object {
      "store": Object {
        "clearActions": [Function],
        "dispatch": [Function],
        "getActions": [Function],
        "getState": [Function],
        "replaceReducer": [Function],
        "subscribe": [Function],
      },
    },
  },
}
`;
